Archive member included to satisfy reference by file (symbol)

c:/program files (x86)/atollic/truestudio for stm32 9.3.0/armtools/bin/../lib/gcc/arm-atollic-eabi/6.3.1/../../../../arm-atollic-eabi/lib/armv7e-m/fpu\libc_nano.a(lib_a-errno.o)
                              Core\Src\syscalls.o (__errno)
c:/program files (x86)/atollic/truestudio for stm32 9.3.0/armtools/bin/../lib/gcc/arm-atollic-eabi/6.3.1/../../../../arm-atollic-eabi/lib/armv7e-m/fpu\libc_nano.a(lib_a-impure.o)
                              c:/program files (x86)/atollic/truestudio for stm32 9.3.0/armtools/bin/../lib/gcc/arm-atollic-eabi/6.3.1/../../../../arm-atollic-eabi/lib/armv7e-m/fpu\libc_nano.a(lib_a-errno.o) (_impure_ptr)
c:/program files (x86)/atollic/truestudio for stm32 9.3.0/armtools/bin/../lib/gcc/arm-atollic-eabi/6.3.1/../../../../arm-atollic-eabi/lib/armv7e-m/fpu\libc_nano.a(lib_a-init.o)
                              startup\startup_stm32f446xx.o (__libc_init_array)
c:/program files (x86)/atollic/truestudio for stm32 9.3.0/armtools/bin/../lib/gcc/arm-atollic-eabi/6.3.1/../../../../arm-atollic-eabi/lib/armv7e-m/fpu\libc_nano.a(lib_a-memcpy-stub.o)
                              Core\Src\main.o (memcpy)
c:/program files (x86)/atollic/truestudio for stm32 9.3.0/armtools/bin/../lib/gcc/arm-atollic-eabi/6.3.1/../../../../arm-atollic-eabi/lib/armv7e-m/fpu\libc_nano.a(lib_a-memset.o)
                              Core\Src\main.o (memset)
c:/program files (x86)/atollic/truestudio for stm32 9.3.0/armtools/bin/../lib/gcc/arm-atollic-eabi/6.3.1/../../../../arm-atollic-eabi/lib/armv7e-m/fpu\libc_nano.a(lib_a-snprintf.o)
                              Core\Src\w25q128jv.o (snprintf)
c:/program files (x86)/atollic/truestudio for stm32 9.3.0/armtools/bin/../lib/gcc/arm-atollic-eabi/6.3.1/../../../../arm-atollic-eabi/lib/armv7e-m/fpu\libc_nano.a(lib_a-strlen.o)
                              Core\Src\main.o (strlen)
c:/program files (x86)/atollic/truestudio for stm32 9.3.0/armtools/bin/../lib/gcc/arm-atollic-eabi/6.3.1/../../../../arm-atollic-eabi/lib/armv7e-m/fpu\libc_nano.a(lib_a-nano-svfprintf.o)
                              c:/program files (x86)/atollic/truestudio for stm32 9.3.0/armtools/bin/../lib/gcc/arm-atollic-eabi/6.3.1/../../../../arm-atollic-eabi/lib/armv7e-m/fpu\libc_nano.a(lib_a-snprintf.o) (_svfprintf_r)
c:/program files (x86)/atollic/truestudio for stm32 9.3.0/armtools/bin/../lib/gcc/arm-atollic-eabi/6.3.1/../../../../arm-atollic-eabi/lib/armv7e-m/fpu\libc_nano.a(lib_a-nano-vfprintf_i.o)
                              c:/program files (x86)/atollic/truestudio for stm32 9.3.0/armtools/bin/../lib/gcc/arm-atollic-eabi/6.3.1/../../../../arm-atollic-eabi/lib/armv7e-m/fpu\libc_nano.a(lib_a-nano-svfprintf.o) (_printf_i)
c:/program files (x86)/atollic/truestudio for stm32 9.3.0/armtools/bin/../lib/gcc/arm-atollic-eabi/6.3.1/../../../../arm-atollic-eabi/lib/armv7e-m/fpu\libc_nano.a(lib_a-memchr.o)
                              c:/program files (x86)/atollic/truestudio for stm32 9.3.0/armtools/bin/../lib/gcc/arm-atollic-eabi/6.3.1/../../../../arm-atollic-eabi/lib/armv7e-m/fpu\libc_nano.a(lib_a-nano-svfprintf.o) (memchr)
c:/program files (x86)/atollic/truestudio for stm32 9.3.0/armtools/bin/../lib/gcc/arm-atollic-eabi/6.3.1/../../../../arm-atollic-eabi/lib/armv7e-m/fpu\libc_nano.a(lib_a-memmove.o)
                              c:/program files (x86)/atollic/truestudio for stm32 9.3.0/armtools/bin/../lib/gcc/arm-atollic-eabi/6.3.1/../../../../arm-atollic-eabi/lib/armv7e-m/fpu\libc_nano.a(lib_a-nano-svfprintf.o) (memmove)
c:/program files (x86)/atollic/truestudio for stm32 9.3.0/armtools/bin/../lib/gcc/arm-atollic-eabi/6.3.1/../../../../arm-atollic-eabi/lib/armv7e-m/fpu\libc_nano.a(lib_a-nano-freer.o)
                              c:/program files (x86)/atollic/truestudio for stm32 9.3.0/armtools/bin/../lib/gcc/arm-atollic-eabi/6.3.1/../../../../arm-atollic-eabi/lib/armv7e-m/fpu\libc_nano.a(lib_a-nano-svfprintf.o) (_free_r)
c:/program files (x86)/atollic/truestudio for stm32 9.3.0/armtools/bin/../lib/gcc/arm-atollic-eabi/6.3.1/../../../../arm-atollic-eabi/lib/armv7e-m/fpu\libc_nano.a(lib_a-nano-mallocr.o)
                              c:/program files (x86)/atollic/truestudio for stm32 9.3.0/armtools/bin/../lib/gcc/arm-atollic-eabi/6.3.1/../../../../arm-atollic-eabi/lib/armv7e-m/fpu\libc_nano.a(lib_a-nano-svfprintf.o) (_malloc_r)
c:/program files (x86)/atollic/truestudio for stm32 9.3.0/armtools/bin/../lib/gcc/arm-atollic-eabi/6.3.1/../../../../arm-atollic-eabi/lib/armv7e-m/fpu\libc_nano.a(lib_a-nano-reallocr.o)
                              c:/program files (x86)/atollic/truestudio for stm32 9.3.0/armtools/bin/../lib/gcc/arm-atollic-eabi/6.3.1/../../../../arm-atollic-eabi/lib/armv7e-m/fpu\libc_nano.a(lib_a-nano-svfprintf.o) (_realloc_r)
c:/program files (x86)/atollic/truestudio for stm32 9.3.0/armtools/bin/../lib/gcc/arm-atollic-eabi/6.3.1/../../../../arm-atollic-eabi/lib/armv7e-m/fpu\libc_nano.a(lib_a-sbrkr.o)
[...]
Memory Configuration

Name             Origin             Length             Attributes
RAM              0x20000000         0x00020000         xrw
FLASH            0x08000000         0x00080000         xr
*default*        0x00000000         0xffffffff

Linker script and memory map

LOAD c:/program files (x86)/atollic/truestudio for stm32 9.3.0/armtools/bin/../lib/gcc/arm-atollic-eabi/6.3.1/armv7e-m/fpu/crti.o
LOAD c:/program files (x86)/atollic/truestudio for stm32 9.3.0/armtools/bin/../lib/gcc/arm-atollic-eabi/6.3.1/armv7e-m/fpu/crtbegin.o
LOAD Core\Src\callback.o
LOAD Core\Src\dma.o
LOAD Core\Src\gpio.o
LOAD Core\Src\main.o
LOAD Core\Src\quadspi.o
LOAD Core\Src\stm32f4xx_hal_msp.o
LOAD Core\Src\stm32f4xx_it.o
LOAD Core\Src\syscalls.o
LOAD Core\Src\system_stm32f4xx.o
LOAD Core\Src\usart.o
LOAD Core\Src\w25q128jv.o
LOAD Core\Src\wrap.o
LOAD Drivers\STM32F4xx_HAL_Driver\Src\stm32f4xx_hal.o
LOAD Drivers\STM32F4xx_HAL_Driver\Src\stm32f4xx_hal_cortex.o
LOAD Drivers\STM32F4xx_HAL_Driver\Src\stm32f4xx_hal_dma.o
LOAD Drivers\STM32F4xx_HAL_Driver\Src\stm32f4xx_hal_dma_ex.o
LOAD Drivers\STM32F4xx_HAL_Driver\Src\stm32f4xx_hal_exti.o
LOAD Drivers\STM32F4xx_HAL_Driver\Src\stm32f4xx_hal_flash.o
LOAD Drivers\STM32F4xx_HAL_Driver\Src\stm32f4xx_hal_flash_ex.o
LOAD Drivers\STM32F4xx_HAL_Driver\Src\stm32f4xx_hal_flash_ramfunc.o
LOAD Drivers\STM32F4xx_HAL_Driver\Src\stm32f4xx_hal_gpio.o
LOAD Drivers\STM32F4xx_HAL_Driver\Src\stm32f4xx_hal_pwr.o
LOAD Drivers\STM32F4xx_HAL_Driver\Src\stm32f4xx_hal_pwr_ex.o
LOAD Drivers\STM32F4xx_HAL_Driver\Src\stm32f4xx_hal_qspi.o
LOAD Drivers\STM32F4xx_HAL_Driver\Src\stm32f4xx_hal_rcc.o
LOAD Drivers\STM32F4xx_HAL_Driver\Src\stm32f4xx_hal_rcc_ex.o
LOAD Drivers\STM32F4xx_HAL_Driver\Src\stm32f4xx_hal_tim.o
LOAD Drivers\STM32F4xx_HAL_Driver\Src\stm32f4xx_hal_tim_ex.o
LOAD Drivers\STM32F4xx_HAL_Driver\Src\stm32f4xx_hal_uart.o
LOAD startup\startup_stm32f446xx.o
                0x00000080                malloc_getpagesize_P = 0x80
START GROUP
LOAD c:/program files (x86)/atollic/truestudio for stm32 9.3.0/armtools/bin/../lib/gcc/arm-atollic-eabi/6.3.1/../../../../arm-atollic-eabi/lib/armv7e-m/fpu\libc_nano.a
LOAD c:/program files (x86)/atollic/truestudio for stm32 9.3.0/armtools/bin/../lib/gcc/arm-atollic-eabi/6.3.1/../../../../arm-atollic-eabi/lib/armv7e-m/fpu\libm.a
END GROUP
START GROUP
LOAD c:/program files (x86)/atollic/truestudio for stm32 9.3.0/armtools/bin/../lib/gcc/arm-atollic-eabi/6.3.1/armv7e-m/fpu\libgcc.a
LOAD c:/program files (x86)/atollic/truestudio for stm32 9.3.0/armtools/bin/../lib/gcc/arm-atollic-eabi/6.3.1/../../../../arm-atollic-eabi/lib/armv7e-m/fpu\libc_nano.a
END GROUP
START GROUP
LOAD c:/program files (x86)/atollic/truestudio for stm32 9.3.0/armtools/bin/../lib/gcc/arm-atollic-eabi/6.3.1/armv7e-m/fpu\libgcc.a
LOAD c:/program files (x86)/atollic/truestudio for stm32 9.3.0/armtools/bin/../lib/gcc/arm-atollic-eabi/6.3.1/../../../../arm-atollic-eabi/lib/armv7e-m/fpu\libc_nano.a
LOAD c:/program files (x86)/atollic/truestudio for stm32 9.3.0/armtools/bin/../lib/gcc/arm-atollic-eabi/6.3.1/../../../../arm-atollic-eabi/lib/armv7e-m/fpu\libnosys.a
END GROUP
START GROUP
LOAD c:/program files (x86)/atollic/truestudio for stm32 9.3.0/armtools/bin/../lib/gcc/arm-atollic-eabi/6.3.1/armv7e-m/fpu\libgcc.a
LOAD c:/program files (x86)/atollic/truestudio for stm32 9.3.0/armtools/bin/../lib/gcc/arm-atollic-eabi/6.3.1/../../../../arm-atollic-eabi/lib/armv7e-m/fpu\libc_nano.a
LOAD c:/program files (x86)/atollic/truestudio for stm32 9.3.0/armtools/bin/../lib/gcc/arm-atollic-eabi/6.3.1/../../../../arm-atollic-eabi/lib/armv7e-m/fpu\libnosys.a
END GROUP
LOAD c:/program files (x86)/atollic/truestudio for stm32 9.3.0/armtools/bin/../lib/gcc/arm-atollic-eabi/6.3.1/armv7e-m/fpu/crtend.o
LOAD c:/program files (x86)/atollic/truestudio for stm32 9.3.0/armtools/bin/../lib/gcc/arm-atollic-eabi/6.3.1/armv7e-m/fpu/crtn.o
                0x20020000                _estack = 0x20020000
                0x00000200                _Min_Heap_Size = 0x200
                0x00000400                _Min_Stack_Size = 0x400

.isr_vector     0x08000000      0x1c4
                0x08000000                . = ALIGN (0x4)
 *(.isr_vector)
 .isr_vector    0x08000000      0x1c4 startup\startup_stm32f446xx.o
                0x08000000                g_pfnVectors
                0x080001c4                . = ALIGN (0x4)

.text           0x080001c4     0x4dbc
                0x080001c4                . = ALIGN (0x4)
 *(.text)
 .text          0x080001c4       0x40 c:/program files (x86)/atollic/truestudio for stm32 9.3.0/armtools/bin/../lib/gcc/arm-atollic-eabi/6.3.1/armv7e-m/fpu/crtbegin.o
 .text          0x08000204       0x10 c:/program files (x86)/atollic/truestudio for stm32 9.3.0/armtools/bin/../lib/gcc/arm-atollic-eabi/6.3.1/../../../../arm-atollic-eabi/lib/armv7e-m/fpu\libc_nano.a(lib_a-strlen.o)
                0x08000204                strlen
 .text          0x08000214       0x30 c:/program files (x86)/atollic/truestudio for stm32 9.3.0/armtools/bin/../lib/gcc/arm-atollic-eabi/6.3.1/armv7e-m/fpu\libgcc.a(_aeabi_uldivmod.o)
                0x08000214                __aeabi_uldivmod
 .text          0x08000244      0x2dc c:/program files (x86)/atollic/truestudio for stm32 9.3.0/armtools/bin/../lib/gcc/arm-atollic-eabi/6.3.1/armv7e-m/fpu\libgcc.a(_udivmoddi4.o)
                0x08000244                __udivmoddi4
 .text          0x08000520        0x4 c:/program files (x86)/atollic/truestudio for stm32 9.3.0/armtools/bin/../lib/gcc/arm-atollic-eabi/6.3.1/armv7e-m/fpu\libgcc.a(_dvmd_tls.o)
                0x08000520                __aeabi_idiv0
                0x08000520                __aeabi_ldiv0
 *(.text*)
 .text.HAL_UART_TxCpltCallback
                0x08000524       0x20 Core\Src\callback.o
                0x08000524                HAL_UART_TxCpltCallback
 .text.HAL_QSPI_RxCpltCallback
                0x08000544       0x20 Core\Src\callback.o
                0x08000544                HAL_QSPI_RxCpltCallback
 .text.HAL_QSPI_ErrorCallback
                0x08000564       0x20 Core\Src\callback.o
                0x08000564                HAL_QSPI_ErrorCallback
 .text.HAL_QSPI_TxCpltCallback
                0x08000584       0x20 Core\Src\callback.o
                0x08000584                HAL_QSPI_TxCpltCallback
 .text.HAL_QSPI_CmdCpltCallback
                0x080005a4       0x20 Core\Src\callback.o
                0x080005a4                HAL_QSPI_CmdCpltCallback
 .text.HAL_QSPI_StatusMatchCallback
                0x080005c4       0x20 Core\Src\callback.o
                0x080005c4                HAL_QSPI_StatusMatchCallback
 .text.MX_DMA_Init
                0x080005e4       0x50 Core\Src\dma.o
                0x080005e4                MX_DMA_Init
 .text.MX_GPIO_Init
                0x08000634       0xdc Core\Src\gpio.o
                0x08000634                MX_GPIO_Init
 .text.main     0x08000710      0x21c Core\Src\main.o
                0x08000710                main
 .text.SystemClock_Config
                0x0800092c       0xe4 Core\Src\main.o
                0x0800092c                SystemClock_Config
 .text.Error_Handler
                0x08000a10        0xe Core\Src\main.o
                0x08000a10                Error_Handler
 *fill*         0x08000a1e        0x2 
 .text.MX_QUADSPI_Init
                0x08000a20       0x58 Core\Src\quadspi.o
                0x08000a20                MX_QUADSPI_Init
 .text.HAL_QSPI_MspInit
                0x08000a78      0x188 Core\Src\quadspi.o
                0x08000a78                HAL_QSPI_MspInit
 .text.HAL_MspInit
                0x08000c00       0x50 Core\Src\stm32f4xx_hal_msp.o
                0x08000c00                HAL_MspInit
 .text.NMI_Handler
                0x08000c50        0xe Core\Src\stm32f4xx_it.o
                0x08000c50                NMI_Handler
 .text.HardFault_Handler
                0x08000c5e        0x6 Core\Src\stm32f4xx_it.o
                0x08000c5e                HardFault_Handler
 .text.MemManage_Handler
                0x08000c64        0x6 Core\Src\stm32f4xx_it.o
                0x08000c64                MemManage_Handler
 .text.BusFault_Handler
                0x08000c6a        0x6 Core\Src\stm32f4xx_it.o
                0x08000c6a                BusFault_Handler
 .text.UsageFault_Handler
                0x08000c70        0x6 Core\Src\stm32f4xx_it.o
                0x08000c70                UsageFault_Handler
 .text.SVC_Handler
                0x08000c76        0xe Core\Src\stm32f4xx_it.o
                0x08000c76                SVC_Handler
 .text.DebugMon_Handler
                0x08000c84        0xe Core\Src\stm32f4xx_it.o
                0x08000c84                DebugMon_Handler
 .text.PendSV_Handler
                0x08000c92        0xe Core\Src\stm32f4xx_it.o
                0x08000c92                PendSV_Handler
 .text.SysTick_Handler
                0x08000ca0        0xc Core\Src\stm32f4xx_it.o
                0x08000ca0                SysTick_Handler
 .text.USART1_IRQHandler
                0x08000cac       0x14 Core\Src\stm32f4xx_it.o
                0x08000cac                USART1_IRQHandler
 .text.DMA2_Stream2_IRQHandler
                0x08000cc0       0x14 Core\Src\stm32f4xx_it.o
                0x08000cc0                DMA2_Stream2_IRQHandler
 .text.DMA2_Stream7_IRQHandler
                0x08000cd4       0x14 Core\Src\stm32f4xx_it.o
                0x08000cd4                DMA2_Stream7_IRQHandler
 .text.QUADSPI_IRQHandler
                0x08000ce8       0x14 Core\Src\stm32f4xx_it.o
                0x08000ce8                QUADSPI_IRQHandler
 .text.SystemInit
                0x08000cfc       0x2c Core\Src\system_stm32f4xx.o
                0x08000cfc                SystemInit
 .text.MX_USART1_UART_Init
                0x08000d28       0x54 Core\Src\usart.o
                0x08000d28                MX_USART1_UART_Init
 .text.HAL_UART_MspInit
                0x08000d7c      0x108 Core\Src\usart.o
                0x08000d7c                HAL_UART_MspInit
 .text.w25q128jv_erase_4kb
                0x08000e84       0x2e Core\Src\w25q128jv.o
                0x08000e84                w25q128jv_erase_4kb
 *fill*         0x08000eb2        0x2 
 .text.w25q128jv_erase
                0x08000eb4       0xf0 Core\Src\w25q128jv.o
                0x08000eb4                w25q128jv_erase
 .text.w25q128jv_qspi_enable
                0x08000fa4       0x44 Core\Src\w25q128jv.o
 .text.w25q128jv_write_enable
                0x08000fe8       0x8a Core\Src\w25q128jv.o
 .text.w25q128jv_read_stat_reg
                0x08001072       0xbc Core\Src\w25q128jv.o
 .text.w25q128jv_fast_read_quad_io
                0x0800112e       0xde Core\Src\w25q128jv.o
                0x0800112e                w25q128jv_fast_read_quad_io
 .text.w25q128jv_quad_input_page_program
                0x0800120c       0xf0 Core\Src\w25q128jv.o
                0x0800120c                w25q128jv_quad_input_page_program
 .text.w25q128jv_wait_until_busy_reset
                0x080012fc       0x94 Core\Src\w25q128jv.o
 .text.w25q128jv_error_cnvrt
                0x08001390       0xec Core\Src\w25q128jv.o
 .text.wrap_qspi_command_send
                0x0800147c      0x25c Core\Src\wrap.o
                0x0800147c                wrap_qspi_command_send
 .text.wrap_qspi_receive
                0x080016d8       0x4c Core\Src\wrap.o
                0x080016d8                wrap_qspi_receive
 .text.wrap_qspi_transmit
                0x08001724       0x4c Core\Src\wrap.o
                0x08001724                wrap_qspi_transmit
 .text.wrap_qspi_auto_polling
                0x08001770      0x2b0 Core\Src\wrap.o
                0x08001770                wrap_qspi_auto_polling
 .text.HAL_Init
                0x08001a20       0x44 Drivers\STM32F4xx_HAL_Driver\Src\stm32f4xx_hal.o
                0x08001a20                HAL_Init
 .text.HAL_InitTick
                0x08001a64       0x60 Drivers\STM32F4xx_HAL_Driver\Src\stm32f4xx_hal.o
                0x08001a64                HAL_InitTick
 .text.HAL_IncTick
                0x08001ac4       0x28 Drivers\STM32F4xx_HAL_Driver\Src\stm32f4xx_hal.o
                0x08001ac4                HAL_IncTick
 .text.HAL_GetTick
                0x08001aec       0x18 Drivers\STM32F4xx_HAL_Driver\Src\stm32f4xx_hal.o
                0x08001aec                HAL_GetTick
 .text.HAL_Delay
                0x08001b04       0x44 Drivers\STM32F4xx_HAL_Driver\Src\stm32f4xx_hal.o
                0x08001b04                HAL_Delay
 .text.__NVIC_SetPriorityGrouping
                0x08001b48       0x48 Drivers\STM32F4xx_HAL_Driver\Src\stm32f4xx_hal_cortex.o
 .text.__NVIC_GetPriorityGrouping
                0x08001b90       0x1c Drivers\STM32F4xx_HAL_Driver\Src\stm32f4xx_hal_cortex.o
 .text.__NVIC_EnableIRQ
                0x08001bac       0x3c Drivers\STM32F4xx_HAL_Driver\Src\stm32f4xx_hal_cortex.o
 .text.__NVIC_SetPriority
                0x08001be8       0x54 Drivers\STM32F4xx_HAL_Driver\Src\stm32f4xx_hal_cortex.o
 .text.NVIC_EncodePriority
                0x08001c3c       0x62 Drivers\STM32F4xx_HAL_Driver\Src\stm32f4xx_hal_cortex.o
 *fill*         0x08001c9e        0x2 
 .text.SysTick_Config
                0x08001ca0       0x44 Drivers\STM32F4xx_HAL_Driver\Src\stm32f4xx_hal_cortex.o
 .text.HAL_NVIC_SetPriorityGrouping
                0x08001ce4       0x16 Drivers\STM32F4xx_HAL_Driver\Src\stm32f4xx_hal_cortex.o
                0x08001ce4                HAL_NVIC_SetPriorityGrouping
 .text.HAL_NVIC_SetPriority
                0x08001cfa       0x38 Drivers\STM32F4xx_HAL_Driver\Src\stm32f4xx_hal_cortex.o
                0x08001cfa                HAL_NVIC_SetPriority
 .text.HAL_NVIC_EnableIRQ
                0x08001d32       0x1c Drivers\STM32F4xx_HAL_Driver\Src\stm32f4xx_hal_cortex.o
                0x08001d32                HAL_NVIC_EnableIRQ
 .text.HAL_SYSTICK_Config
                0x08001d4e       0x18 Drivers\STM32F4xx_HAL_Driver\Src\stm32f4xx_hal_cortex.o
                0x08001d4e                HAL_SYSTICK_Config
 *fill*         0x08001d66        0x2 
 .text.HAL_DMA_Init
                0x08001d68      0x15c Drivers\STM32F4xx_HAL_Driver\Src\stm32f4xx_hal_dma.o
                0x08001d68                HAL_DMA_Init
 .text.HAL_DMA_Start_IT
                0x08001ec4       0xb0 Drivers\STM32F4xx_HAL_Driver\Src\stm32f4xx_hal_dma.o
                0x08001ec4                HAL_DMA_Start_IT
 .text.HAL_DMA_Abort_IT
                0x08001f74       0x44 Drivers\STM32F4xx_HAL_Driver\Src\stm32f4xx_hal_dma.o
                0x08001f74                HAL_DMA_Abort_IT
 .text.HAL_DMA_IRQHandler
                0x08001fb8      0x314 Drivers\STM32F4xx_HAL_Driver\Src\stm32f4xx_hal_dma.o
                0x08001fb8                HAL_DMA_IRQHandler
 .text.HAL_DMA_GetError
                0x080022cc       0x18 Drivers\STM32F4xx_HAL_Driver\Src\stm32f4xx_hal_dma.o
                0x080022cc                HAL_DMA_GetError
 .text.DMA_SetConfig
                0x080022e4       0x5c Drivers\STM32F4xx_HAL_Driver\Src\stm32f4xx_hal_dma.o
 .text.DMA_CalcBaseAndBitshift
                0x08002340       0x6c Drivers\STM32F4xx_HAL_Driver\Src\stm32f4xx_hal_dma.o
 .text.DMA_CheckFifoParam
                0x080023ac       0xf4 Drivers\STM32F4xx_HAL_Driver\Src\stm32f4xx_hal_dma.o
 .text.HAL_GPIO_Init
                0x080024a0      0x324 Drivers\STM32F4xx_HAL_Driver\Src\stm32f4xx_hal_gpio.o
                0x080024a0                HAL_GPIO_Init
 .text.HAL_GPIO_WritePin
                0x080027c4       0x32 Drivers\STM32F4xx_HAL_Driver\Src\stm32f4xx_hal_gpio.o
                0x080027c4                HAL_GPIO_WritePin
 .text.HAL_GPIO_TogglePin
                0x080027f6       0x36 Drivers\STM32F4xx_HAL_Driver\Src\stm32f4xx_hal_gpio.o
                0x080027f6                HAL_GPIO_TogglePin
 .text.HAL_PWREx_EnableOverDrive
                0x0800282c       0xa0 Drivers\STM32F4xx_HAL_Driver\Src\stm32f4xx_hal_pwr_ex.o
                0x0800282c                HAL_PWREx_EnableOverDrive
 .text.HAL_QSPI_Init
                0x080028cc       0xf8 Drivers\STM32F4xx_HAL_Driver\Src\stm32f4xx_hal_qspi.o
                0x080028cc                HAL_QSPI_Init
 .text.HAL_QSPI_IRQHandler
                0x080029c4      0x380 Drivers\STM32F4xx_HAL_Driver\Src\stm32f4xx_hal_qspi.o
                0x080029c4                HAL_QSPI_IRQHandler
 .text.HAL_QSPI_Command_IT
                0x08002d44       0xcc Drivers\STM32F4xx_HAL_Driver\Src\stm32f4xx_hal_qspi.o
                0x08002d44                HAL_QSPI_Command_IT
 .text.HAL_QSPI_Transmit_DMA
                0x08002e10      0x204 Drivers\STM32F4xx_HAL_Driver\Src\stm32f4xx_hal_qspi.o
                0x08002e10                HAL_QSPI_Transmit_DMA
 .text.HAL_QSPI_Receive_DMA
                0x08003014      0x21c Drivers\STM32F4xx_HAL_Driver\Src\stm32f4xx_hal_qspi.o
                0x08003014                HAL_QSPI_Receive_DMA
 .text.HAL_QSPI_AutoPolling_IT
                0x08003230       0xf0 Drivers\STM32F4xx_HAL_Driver\Src\stm32f4xx_hal_qspi.o
                0x08003230                HAL_QSPI_AutoPolling_IT
 .text.HAL_QSPI_AbortCpltCallback
                0x08003320       0x14 Drivers\STM32F4xx_HAL_Driver\Src\stm32f4xx_hal_qspi.o
                0x08003320                HAL_QSPI_AbortCpltCallback
 .text.HAL_QSPI_RxHalfCpltCallback
                0x08003334       0x14 Drivers\STM32F4xx_HAL_Driver\Src\stm32f4xx_hal_qspi.o
                0x08003334                HAL_QSPI_RxHalfCpltCallback
 .text.HAL_QSPI_TxHalfCpltCallback
                0x08003348       0x14 Drivers\STM32F4xx_HAL_Driver\Src\stm32f4xx_hal_qspi.o
                0x08003348                HAL_QSPI_TxHalfCpltCallback
 .text.HAL_QSPI_FifoThresholdCallback
                0x0800335c       0x14 Drivers\STM32F4xx_HAL_Driver\Src\stm32f4xx_hal_qspi.o
                0x0800335c                HAL_QSPI_FifoThresholdCallback
 .text.HAL_QSPI_TimeOutCallback
                0x08003370       0x14 Drivers\STM32F4xx_HAL_Driver\Src\stm32f4xx_hal_qspi.o
                0x08003370                HAL_QSPI_TimeOutCallback
 .text.HAL_QSPI_Abort_IT
                0x08003384       0xb8 Drivers\STM32F4xx_HAL_Driver\Src\stm32f4xx_hal_qspi.o
                0x08003384                HAL_QSPI_Abort_IT
 .text.HAL_QSPI_SetTimeout
                0x0800343c       0x1c Drivers\STM32F4xx_HAL_Driver\Src\stm32f4xx_hal_qspi.o
                0x0800343c                HAL_QSPI_SetTimeout
 .text.QSPI_DMARxCplt
                0x08003458       0x30 Drivers\STM32F4xx_HAL_Driver\Src\stm32f4xx_hal_qspi.o
 .text.QSPI_DMATxCplt
                0x08003488       0x30 Drivers\STM32F4xx_HAL_Driver\Src\stm32f4xx_hal_qspi.o
 .text.QSPI_DMARxHalfCplt
                0x080034b8       0x1c Drivers\STM32F4xx_HAL_Driver\Src\stm32f4xx_hal_qspi.o
 .text.QSPI_DMATxHalfCplt
                0x080034d4       0x1c Drivers\STM32F4xx_HAL_Driver\Src\stm32f4xx_hal_qspi.o
 .text.QSPI_DMAError
                0x080034f0       0x50 Drivers\STM32F4xx_HAL_Driver\Src\stm32f4xx_hal_qspi.o
 .text.QSPI_DMAAbortCplt
                0x08003540       0x66 Drivers\STM32F4xx_HAL_Driver\Src\stm32f4xx_hal_qspi.o
 .text.QSPI_WaitFlagStateUntilTimeout
                0x080035a6       0x6e Drivers\STM32F4xx_HAL_Driver\Src\stm32f4xx_hal_qspi.o
 .text.QSPI_Config
                0x08003614      0x2fc Drivers\STM32F4xx_HAL_Driver\Src\stm32f4xx_hal_qspi.o
 .text.HAL_RCC_ClockConfig
                0x08003910      0x1cc Drivers\STM32F4xx_HAL_Driver\Src\stm32f4xx_hal_rcc.o
                0x08003910                HAL_RCC_ClockConfig
 .text.HAL_RCC_GetHCLKFreq
                0x08003adc       0x18 Drivers\STM32F4xx_HAL_Driver\Src\stm32f4xx_hal_rcc.o
                0x08003adc                HAL_RCC_GetHCLKFreq
 .text.HAL_RCC_GetPCLK1Freq
                0x08003af4       0x28 Drivers\STM32F4xx_HAL_Driver\Src\stm32f4xx_hal_rcc.o
                0x08003af4                HAL_RCC_GetPCLK1Freq
 .text.HAL_RCC_GetPCLK2Freq
                0x08003b1c       0x28 Drivers\STM32F4xx_HAL_Driver\Src\stm32f4xx_hal_rcc.o
                0x08003b1c                HAL_RCC_GetPCLK2Freq
 .text.HAL_RCC_GetSysClockFreq
                0x08003b44      0x2a4 Drivers\STM32F4xx_HAL_Driver\Src\stm32f4xx_hal_rcc_ex.o
                0x08003b44                HAL_RCC_GetSysClockFreq
 .text.HAL_RCC_OscConfig
                0x08003de8      0x4b4 Drivers\STM32F4xx_HAL_Driver\Src\stm32f4xx_hal_rcc_ex.o
                0x08003de8                HAL_RCC_OscConfig
 .text.HAL_UART_Init
                0x0800429c       0x9a Drivers\STM32F4xx_HAL_Driver\Src\stm32f4xx_hal_uart.o
                0x0800429c                HAL_UART_Init
 .text.HAL_UART_Transmit_IT
                0x08004336       0x8a Drivers\STM32F4xx_HAL_Driver\Src\stm32f4xx_hal_uart.o
                0x08004336                HAL_UART_Transmit_IT
 .text.HAL_UART_IRQHandler
                0x080043c0      0x200 Drivers\STM32F4xx_HAL_Driver\Src\stm32f4xx_hal_uart.o
                0x080043c0                HAL_UART_IRQHandler
 .text.HAL_UART_RxCpltCallback
                0x080045c0       0x14 Drivers\STM32F4xx_HAL_Driver\Src\stm32f4xx_hal_uart.o
                0x080045c0                HAL_UART_RxCpltCallback
 .text.HAL_UART_ErrorCallback
                0x080045d4       0x14 Drivers\STM32F4xx_HAL_Driver\Src\stm32f4xx_hal_uart.o
                0x080045d4                HAL_UART_ErrorCallback
 .text.UART_EndRxTransfer
                0x080045e8       0x3c Drivers\STM32F4xx_HAL_Driver\Src\stm32f4xx_hal_uart.o
 .text.UART_DMAAbortOnError
                0x08004624       0x28 Drivers\STM32F4xx_HAL_Driver\Src\stm32f4xx_hal_uart.o
 .text.UART_Transmit_IT
                0x0800464c       0xaa Drivers\STM32F4xx_HAL_Driver\Src\stm32f4xx_hal_uart.o
 .text.UART_EndTransmit_IT
                0x080046f6       0x30 Drivers\STM32F4xx_HAL_Driver\Src\stm32f4xx_hal_uart.o
 .text.UART_Receive_IT
                0x08004726      0x102 Drivers\STM32F4xx_HAL_Driver\Src\stm32f4xx_hal_uart.o
 .text.UART_SetConfig
                0x08004828      0x67c Drivers\STM32F4xx_HAL_Driver\Src\stm32f4xx_hal_uart.o
 .text.Reset_Handler
                0x08004ea4       0x50 startup\startup_stm32f446xx.o
                0x08004ea4                Reset_Handler
 .text.Default_Handler
                0x08004ef4        0x2 startup\startup_stm32f446xx.o
                0x08004ef4                RTC_Alarm_IRQHandler
                0x08004ef4                EXTI2_IRQHandler
                0x08004ef4                TIM8_CC_IRQHandler
                0x08004ef4                FMPI2C1_EV_IRQHandler
                0x08004ef4                SPI4_IRQHandler
                0x08004ef4                TIM1_CC_IRQHandler
                0x08004ef4                DMA2_Stream5_IRQHandler
                0x08004ef4                DMA1_Stream5_IRQHandler
                0x08004ef4                PVD_IRQHandler
                0x08004ef4                SDIO_IRQHandler
                0x08004ef4                TAMP_STAMP_IRQHandler
                0x08004ef4                CAN2_RX1_IRQHandler
                0x08004ef4                EXTI3_IRQHandler
                0x08004ef4                TIM8_TRG_COM_TIM14_IRQHandler
                0x08004ef4                TIM1_UP_TIM10_IRQHandler
                0x08004ef4                TIM8_UP_TIM13_IRQHandler
                0x08004ef4                I2C3_ER_IRQHandler
                0x08004ef4                EXTI0_IRQHandler
                0x08004ef4                I2C2_EV_IRQHandler
                0x08004ef4                DMA1_Stream2_IRQHandler
                0x08004ef4                CAN1_RX0_IRQHandler
                0x08004ef4                FPU_IRQHandler
                0x08004ef4                OTG_HS_WKUP_IRQHandler
                0x08004ef4                CAN2_SCE_IRQHandler
                0x08004ef4                SPI1_IRQHandler
                0x08004ef4                TIM6_DAC_IRQHandler
                0x08004ef4                TIM1_BRK_TIM9_IRQHandler
                0x08004ef4                DCMI_IRQHandler
                0x08004ef4                CAN2_RX0_IRQHandler
                0x08004ef4                DMA2_Stream3_IRQHandler
                0x08004ef4                SAI2_IRQHandler
                0x08004ef4                USART6_IRQHandler
                0x08004ef4                USART3_IRQHandler
                0x08004ef4                CAN1_RX1_IRQHandler
                0x08004ef4                UART5_IRQHandler
                0x08004ef4                DMA2_Stream0_IRQHandler
                0x08004ef4                TIM4_IRQHandler
                0x08004ef4                I2C1_EV_IRQHandler
                0x08004ef4                DMA1_Stream6_IRQHandler
                0x08004ef4                DMA1_Stream1_IRQHandler
                0x08004ef4                UART4_IRQHandler
                0x08004ef4                TIM3_IRQHandler
                0x08004ef4                RCC_IRQHandler
                0x08004ef4                TIM8_BRK_TIM12_IRQHandler
                0x08004ef4                Default_Handler
                0x08004ef4                CEC_IRQHandler
                0x08004ef4                EXTI15_10_IRQHandler
                0x08004ef4                ADC_IRQHandler
                0x08004ef4                DMA1_Stream7_IRQHandler
                0x08004ef4                TIM7_IRQHandler
                0x08004ef4                CAN2_TX_IRQHandler
                0x08004ef4                TIM5_IRQHandler
                0x08004ef4                I2C3_EV_IRQHandler
                0x08004ef4                EXTI9_5_IRQHandler
                0x08004ef4                RTC_WKUP_IRQHandler
                0x08004ef4                SPDIF_RX_IRQHandler
                0x08004ef4                SPI2_IRQHandler
                0x08004ef4                OTG_HS_EP1_IN_IRQHandler
                0x08004ef4                DMA1_Stream0_IRQHandler
                0x08004ef4                CAN1_TX_IRQHandler
                0x08004ef4                FMPI2C1_ER_IRQHandler
                0x08004ef4                EXTI4_IRQHandler
                0x08004ef4                OTG_HS_EP1_OUT_IRQHandler
                0x08004ef4                WWDG_IRQHandler
                0x08004ef4                TIM2_IRQHandler
                0x08004ef4                OTG_FS_WKUP_IRQHandler
                0x08004ef4                TIM1_TRG_COM_TIM11_IRQHandler
                0x08004ef4                OTG_HS_IRQHandler
                0x08004ef4                EXTI1_IRQHandler
                0x08004ef4                USART2_IRQHandler
                0x08004ef4                I2C2_ER_IRQHandler
                0x08004ef4                DMA2_Stream1_IRQHandler
                0x08004ef4                CAN1_SCE_IRQHandler
                0x08004ef4                FLASH_IRQHandler
                0x08004ef4                DMA2_Stream4_IRQHandler
                0x08004ef4                OTG_FS_IRQHandler
                0x08004ef4                SPI3_IRQHandler
                0x08004ef4                DMA1_Stream4_IRQHandler
                0x08004ef4                I2C1_ER_IRQHandler
                0x08004ef4                FMC_IRQHandler
                0x08004ef4                DMA2_Stream6_IRQHandler
                0x08004ef4                SAI1_IRQHandler
                0x08004ef4                DMA1_Stream3_IRQHandler
 *fill*         0x08004ef6        0x2 
 .text.__libc_init_array
                0x08004ef8       0x48 c:/program files (x86)/atollic/truestudio for stm32 9.3.0/armtools/bin/../lib/gcc/arm-atollic-eabi/6.3.1/../../../../arm-atollic-eabi/lib/armv7e-m/fpu\libc_nano.a(lib_a-init.o)
                0x08004ef8                __libc_init_array
 .text.memcpy   0x08004f40       0x16 c:/program files (x86)/atollic/truestudio for stm32 9.3.0/armtools/bin/../lib/gcc/arm-atollic-eabi/6.3.1/../../../../arm-atollic-eabi/lib/armv7e-m/fpu\libc_nano.a(lib_a-memcpy-stub.o)
                0x08004f40                memcpy
 .text.memset   0x08004f56       0x10 c:/program files (x86)/atollic/truestudio for stm32 9.3.0/armtools/bin/../lib/gcc/arm-atollic-eabi/6.3.1/../../../../arm-atollic-eabi/lib/armv7e-m/fpu\libc_nano.a(lib_a-memset.o)
                0x08004f56                memset
 *(.glue_7)
 .glue_7        0x08004f66        0x0 linker stubs
 *(.glue_7t)
 .glue_7t       0x08004f66        0x0 linker stubs
 *(.eh_frame)
 *fill*         0x08004f66        0x2 
 .eh_frame      0x08004f68        0x0 c:/program files (x86)/atollic/truestudio for stm32 9.3.0/armtools/bin/../lib/gcc/arm-atollic-eabi/6.3.1/armv7e-m/fpu/crtbegin.o
 *(.init)
 .init          0x08004f68        0x4 c:/program files (x86)/atollic/truestudio for stm32 9.3.0/armtools/bin/../lib/gcc/arm-atollic-eabi/6.3.1/armv7e-m/fpu/crti.o
                0x08004f68                _init
 .init          0x08004f6c        0x8 c:/program files (x86)/atollic/truestudio for stm32 9.3.0/armtools/bin/../lib/gcc/arm-atollic-eabi/6.3.1/armv7e-m/fpu/crtn.o
 *(.fini)
 .fini          0x08004f74        0x4 c:/program files (x86)/atollic/truestudio for stm32 9.3.0/armtools/bin/../lib/gcc/arm-atollic-eabi/6.3.1/armv7e-m/fpu/crti.o
                0x08004f74                _fini
 .fini          0x08004f78        0x8 c:/program files (x86)/atollic/truestudio for stm32 9.3.0/armtools/bin/../lib/gcc/arm-atollic-eabi/6.3.1/armv7e-m/fpu/crtn.o
                0x08004f80                . = ALIGN (0x4)
                0x08004f80                _etext = .

.vfp11_veneer   0x08004f80        0x0
 .vfp11_veneer  0x08004f80        0x0 linker stubs

.v4_bx          0x08004f80        0x0
 .v4_bx         0x08004f80        0x0 linker stubs

.iplt           0x08004f80        0x0
 .iplt          0x08004f80        0x0 c:/program files (x86)/atollic/truestudio for stm32 9.3.0/armtools/bin/../lib/gcc/arm-atollic-eabi/6.3.1/armv7e-m/fpu/crtbegin.o

.rodata         0x08004f80      0x148
                0x08004f80                . = ALIGN (0x4)
 *(.rodata)
 .rodata        0x08004f80      0x128 Core\Src\main.o
 *(.rodata*)
 .rodata.AHBPrescTable
                0x080050a8       0x10 Core\Src\system_stm32f4xx.o
                0x080050a8                AHBPrescTable
 .rodata.APBPrescTable
                0x080050b8        0x8 Core\Src\system_stm32f4xx.o
                0x080050b8                APBPrescTable
 .rodata.flagBitshiftOffset.7695
                0x080050c0        0x8 Drivers\STM32F4xx_HAL_Driver\Src\stm32f4xx_hal_dma.o
                0x080050c8                . = ALIGN (0x4)

.ARM.extab
 *(.ARM.extab* .gnu.linkonce.armextab.*)

.ARM            0x080050c8        0x8
                0x080050c8                __exidx_start = .
 *(.ARM.exidx*)
 .ARM.exidx     0x080050c8        0x8 c:/program files (x86)/atollic/truestudio for stm32 9.3.0/armtools/bin/../lib/gcc/arm-atollic-eabi/6.3.1/armv7e-m/fpu\libgcc.a(_udivmoddi4.o)
                0x080050d0                __exidx_end = .

.rel.dyn        0x080050d0        0x0
 .rel.iplt      0x080050d0        0x0 c:/program files (x86)/atollic/truestudio for stm32 9.3.0/armtools/bin/../lib/gcc/arm-atollic-eabi/6.3.1/armv7e-m/fpu/crtbegin.o

.preinit_array  0x080050d0        0x0
                0x080050d0                PROVIDE (__preinit_array_start, .)
 *(.preinit_array*)
                0x080050d0                PROVIDE (__preinit_array_end, .)

.init_array     0x080050d0        0x4
                0x080050d0                PROVIDE (__init_array_start, .)
 *(SORT(.init_array.*))
 *(.init_array*)
 .init_array    0x080050d0        0x4 c:/program files (x86)/atollic/truestudio for stm32 9.3.0/armtools/bin/../lib/gcc/arm-atollic-eabi/6.3.1/armv7e-m/fpu/crtbegin.o
                0x080050d4                PROVIDE (__init_array_end, .)

.fini_array     0x080050d4        0x4
                [!provide]                PROVIDE (__fini_array_start, .)
 *(SORT(.fini_array.*))
 *(.fini_array*)
 .fini_array    0x080050d4        0x4 c:/program files (x86)/atollic/truestudio for stm32 9.3.0/armtools/bin/../lib/gcc/arm-atollic-eabi/6.3.1/armv7e-m/fpu/crtbegin.o
                [!provide]                PROVIDE (__fini_array_end, .)
                0x080050d8                _sidata = LOADADDR (.data)

.data           0x20000000        0xc load address 0x080050d8
                0x20000000                . = ALIGN (0x4)
                0x20000000                _sdata = .
 *(.data)
 *(.data*)
 .data.SystemCoreClock
                0x20000000        0x4 Core\Src\system_stm32f4xx.o
                0x20000000                SystemCoreClock
 .data.uwTickPrio
                0x20000004        0x4 Drivers\STM32F4xx_HAL_Driver\Src\stm32f4xx_hal.o
                0x20000004                uwTickPrio
 .data.uwTickFreq
                0x20000008        0x1 Drivers\STM32F4xx_HAL_Driver\Src\stm32f4xx_hal.o
                0x20000008                uwTickFreq
                0x2000000c                . = ALIGN (0x4)
 *fill*         0x20000009        0x3 
                0x2000000c                _edata = .

.igot.plt       0x2000000c        0x0 load address 0x080050e4
 .igot.plt      0x2000000c        0x0 c:/program files (x86)/atollic/truestudio for stm32 9.3.0/armtools/bin/../lib/gcc/arm-atollic-eabi/6.3.1/armv7e-m/fpu/crtbegin.o
                0x2000000c                . = ALIGN (0x4)

.bss            0x2000000c      0x23c load address 0x080050e4
                0x2000000c                _sbss = .
                0x2000000c                __bss_start__ = _sbss
 *(.bss)
 .bss           0x2000000c       0x1c c:/program files (x86)/atollic/truestudio for stm32 9.3.0/armtools/bin/../lib/gcc/arm-atollic-eabi/6.3.1/armv7e-m/fpu/crtbegin.o
 *(.bss*)
 *(COMMON)
 COMMON         0x20000028       0xd0 Core\Src\main.o
                0x20000028                qspi_status_match
                0x2000002c                output
                0x200000f4                uart_transmission
                0x200000f5                qspi_cmd_transmission
                0x200000f6                qspi_reception
                0x200000f7                qspi_transmission
 COMMON         0x200000f8       0xac Core\Src\quadspi.o
                0x200000f8                hdma_quadspi
                0x20000158                hqspi
 COMMON         0x200001a4       0xa0 Core\Src\usart.o
                0x200001a4                hdma_usart1_rx
                0x20000204                huart1
 COMMON         0x20000244        0x4 Drivers\STM32F4xx_HAL_Driver\Src\stm32f4xx_hal.o
                0x20000244                uwTick
                0x20000248                . = ALIGN (0x4)
                0x20000248                _ebss = .
                0x20000248                __bss_end__ = _ebss

._user_heap_stack
                0x20000248      0x600 load address 0x080050e4
                0x20000248                . = ALIGN (0x4)
                0x20000248                PROVIDE (end, .)
                [!provide]                PROVIDE (_end, .)
                0x20000448                . = (. + _Min_Heap_Size)
 *fill*         0x20000248      0x200 
                0x20000848                . = (. + _Min_Stack_Size)
 *fill*         0x20000448      0x400 
                0x20000848                . = ALIGN (0x4)

/DISCARD/
 libc.a(*)
 libm.a(*)
 libgcc.a(*)

.ARM.attributes
                0x00000000       0x30
 *(.ARM.attributes)
 .ARM.attributes
                0x00000000       0x22 c:/program files (x86)/atollic/truestudio for stm32 9.3.0/armtools/bin/../lib/gcc/arm-atollic-eabi/6.3.1/armv7e-m/fpu/crti.o
 .ARM.attributes
                0x00000022       0x34 c:/program files (x86)/atollic/truestudio for stm32 9.3.0/armtools/bin/../lib/gcc/arm-atollic-eabi/6.3.1/armv7e-m/fpu/crtbegin.o
 .ARM.attributes
                0x00000056       0x39 Core\Src\callback.o
 .ARM.attributes
                0x0000008f       0x39 Core\Src\dma.o
 .ARM.attributes
                0x000000c8       0x39 Core\Src\gpio.o
 .ARM.attributes
                0x00000101       0x39 Core\Src\main.o
 .ARM.attributes
                0x0000013a       0x39 Core\Src\quadspi.o
 .ARM.attributes
                0x00000173       0x39 Core\Src\stm32f4xx_hal_msp.o
 .ARM.attributes
                0x000001ac       0x39 Core\Src\stm32f4xx_it.o
 .ARM.attributes
                0x000001e5       0x39 Core\Src\system_stm32f4xx.o
 .ARM.attributes
                0x0000021e       0x39 Core\Src\usart.o
 .ARM.attributes
                0x00000257       0x39 Core\Src\w25q128jv.o
 .ARM.attributes
                0x00000290       0x39 Core\Src\wrap.o
 .ARM.attributes
                0x000002c9       0x39 Drivers\STM32F4xx_HAL_Driver\Src\stm32f4xx_hal.o
 .ARM.attributes
                0x00000302       0x39 Drivers\STM32F4xx_HAL_Driver\Src\stm32f4xx_hal_cortex.o
 .ARM.attributes
                0x0000033b       0x39 Drivers\STM32F4xx_HAL_Driver\Src\stm32f4xx_hal_dma.o
 .ARM.attributes
                0x00000374       0x39 Drivers\STM32F4xx_HAL_Driver\Src\stm32f4xx_hal_gpio.o
 .ARM.attributes
                0x000003ad       0x39 Drivers\STM32F4xx_HAL_Driver\Src\stm32f4xx_hal_pwr_ex.o
 .ARM.attributes
                0x000003e6       0x39 Drivers\STM32F4xx_HAL_Driver\Src\stm32f4xx_hal_qspi.o
 .ARM.attributes
                0x0000041f       0x39 Drivers\STM32F4xx_HAL_Driver\Src\stm32f4xx_hal_rcc.o
 .ARM.attributes
                0x00000458       0x39 Drivers\STM32F4xx_HAL_Driver\Src\stm32f4xx_hal_rcc_ex.o
 .ARM.attributes
                0x00000491       0x39 Drivers\STM32F4xx_HAL_Driver\Src\stm32f4xx_hal_uart.o
 .ARM.attributes
                0x000004ca       0x21 startup\startup_stm32f446xx.o
 .ARM.attributes
                0x000004eb       0x34 c:/program files (x86)/atollic/truestudio for stm32 9.3.0/armtools/bin/../lib/gcc/arm-atollic-eabi/6.3.1/../../../../arm-atollic-eabi/lib/armv7e-m/fpu\libc_nano.a(lib_a-init.o)
 .ARM.attributes
                0x0000051f       0x34 c:/program files (x86)/atollic/truestudio for stm32 9.3.0/armtools/bin/../lib/gcc/arm-atollic-eabi/6.3.1/../../../../arm-atollic-eabi/lib/armv7e-m/fpu\libc_nano.a(lib_a-memcpy-stub.o)
 .ARM.attributes
                0x00000553       0x34 c:/program files (x86)/atollic/truestudio for stm32 9.3.0/armtools/bin/../lib/gcc/arm-atollic-eabi/6.3.1/../../../../arm-atollic-eabi/lib/armv7e-m/fpu\libc_nano.a(lib_a-memset.o)
 .ARM.attributes
                0x00000587       0x1b c:/program files (x86)/atollic/truestudio for stm32 9.3.0/armtools/bin/../lib/gcc/arm-atollic-eabi/6.3.1/../../../../arm-atollic-eabi/lib/armv7e-m/fpu\libc_nano.a(lib_a-strlen.o)
 .ARM.attributes
                0x000005a2       0x22 c:/program files (x86)/atollic/truestudio for stm32 9.3.0/armtools/bin/../lib/gcc/arm-atollic-eabi/6.3.1/armv7e-m/fpu\libgcc.a(_aeabi_uldivmod.o)
 .ARM.attributes
                0x000005c4       0x34 c:/program files (x86)/atollic/truestudio for stm32 9.3.0/armtools/bin/../lib/gcc/arm-atollic-eabi/6.3.1/armv7e-m/fpu\libgcc.a(_udivmoddi4.o)
 .ARM.attributes
                0x000005f8       0x22 c:/program files (x86)/atollic/truestudio for stm32 9.3.0/armtools/bin/../lib/gcc/arm-atollic-eabi/6.3.1/armv7e-m/fpu\libgcc.a(_dvmd_tls.o)
 .ARM.attributes
                0x0000061a       0x22 c:/program files (x86)/atollic/truestudio for stm32 9.3.0/armtools/bin/../lib/gcc/arm-atollic-eabi/6.3.1/armv7e-m/fpu/crtn.o
OUTPUT(W25Q128JV.elf elf32-littlearm)

.debug_info     0x00000000     0xdbc2
 .debug_info    0x00000000      0xa0b Core\Src\callback.o
 .debug_info    0x00000a0b      0x5bd Core\Src\dma.o
 .debug_info    0x00000fc8      0x519 Core\Src\gpio.o
 .debug_info    0x000014e1     0x1b30 Core\Src\main.o
 .debug_info    0x00003011      0xc54 Core\Src\quadspi.o
 .debug_info    0x00003c65      0x398 Core\Src\stm32f4xx_hal_msp.o
 .debug_info    0x00003ffd      0x915 Core\Src\stm32f4xx_it.o
 .debug_info    0x00004912      0x58a Core\Src\system_stm32f4xx.o
 .debug_info    0x00004e9c      0xbce Core\Src\usart.o
 .debug_info    0x00005a6a      0xc5a Core\Src\w25q128jv.o
 .debug_info    0x000066c4      0xc4c Core\Src\wrap.o
 .debug_info    0x00007310      0x996 Drivers\STM32F4xx_HAL_Driver\Src\stm32f4xx_hal.o
 .debug_info    0x00007ca6      0xe46 Drivers\STM32F4xx_HAL_Driver\Src\stm32f4xx_hal_cortex.o
 .debug_info    0x00008aec      0x964 Drivers\STM32F4xx_HAL_Driver\Src\stm32f4xx_hal_dma.o
 .debug_info    0x00009450      0x802 Drivers\STM32F4xx_HAL_Driver\Src\stm32f4xx_hal_gpio.o
 .debug_info    0x00009c52      0x760 Drivers\STM32F4xx_HAL_Driver\Src\stm32f4xx_hal_pwr_ex.o
 .debug_info    0x0000a3b2     0x1245 Drivers\STM32F4xx_HAL_Driver\Src\stm32f4xx_hal_qspi.o
 .debug_info    0x0000b5f7      0x943 Drivers\STM32F4xx_HAL_Driver\Src\stm32f4xx_hal_rcc.o
 .debug_info    0x0000bf3a      0x9d4 Drivers\STM32F4xx_HAL_Driver\Src\stm32f4xx_hal_rcc_ex.o
 .debug_info    0x0000c90e     0x1249 Drivers\STM32F4xx_HAL_Driver\Src\stm32f4xx_hal_uart.o
 .debug_info    0x0000db57       0x6b startup\startup_stm32f446xx.o

.debug_abbrev   0x00000000     0x2300
 .debug_abbrev  0x00000000      0x171 Core\Src\callback.o
 .debug_abbrev  0x00000171      0x102 Core\Src\dma.o
 .debug_abbrev  0x00000273      0x12f Core\Src\gpio.o
 .debug_abbrev  0x000003a2      0x268 Core\Src\main.o
 .debug_abbrev  0x0000060a      0x1ae Core\Src\quadspi.o
 .debug_abbrev  0x000007b8      0x104 Core\Src\stm32f4xx_hal_msp.o
 .debug_abbrev  0x000008bc      0x144 Core\Src\stm32f4xx_it.o
 .debug_abbrev  0x00000a00      0x126 Core\Src\system_stm32f4xx.o
 .debug_abbrev  0x00000b26      0x1ae Core\Src\usart.o
 .debug_abbrev  0x00000cd4      0x1e6 Core\Src\w25q128jv.o
 .debug_abbrev  0x00000eba      0x194 Core\Src\wrap.o
 .debug_abbrev  0x0000104e      0x1c2 Drivers\STM32F4xx_HAL_Driver\Src\stm32f4xx_hal.o
 .debug_abbrev  0x00001210      0x2f5 Drivers\STM32F4xx_HAL_Driver\Src\stm32f4xx_hal_cortex.o
 .debug_abbrev  0x00001505      0x224 Drivers\STM32F4xx_HAL_Driver\Src\stm32f4xx_hal_dma.o
 .debug_abbrev  0x00001729      0x1c4 Drivers\STM32F4xx_HAL_Driver\Src\stm32f4xx_hal_gpio.o
 .debug_abbrev  0x000018ed      0x1b3 Drivers\STM32F4xx_HAL_Driver\Src\stm32f4xx_hal_pwr_ex.o
 .debug_abbrev  0x00001aa0      0x21a Drivers\STM32F4xx_HAL_Driver\Src\stm32f4xx_hal_qspi.o
 .debug_abbrev  0x00001cba      0x240 Drivers\STM32F4xx_HAL_Driver\Src\stm32f4xx_hal_rcc.o
 .debug_abbrev  0x00001efa      0x1b7 Drivers\STM32F4xx_HAL_Driver\Src\stm32f4xx_hal_rcc_ex.o
 .debug_abbrev  0x000020b1      0x23d Drivers\STM32F4xx_HAL_Driver\Src\stm32f4xx_hal_uart.o
 .debug_abbrev  0x000022ee       0x12 startup\startup_stm32f446xx.o

.debug_aranges  0x00000000      0xa68
 .debug_aranges
                0x00000000       0x48 Core\Src\callback.o
 .debug_aranges
                0x00000048       0x20 Core\Src\dma.o
 .debug_aranges
                0x00000068       0x20 Core\Src\gpio.o
 .debug_aranges
                0x00000088       0x30 Core\Src\main.o
 .debug_aranges
                0x000000b8       0x30 Core\Src\quadspi.o
 .debug_aranges
                0x000000e8       0x20 Core\Src\stm32f4xx_hal_msp.o
 .debug_aranges
                0x00000108       0x80 Core\Src\stm32f4xx_it.o
 .debug_aranges
                0x00000188       0x28 Core\Src\system_stm32f4xx.o
 .debug_aranges
                0x000001b0       0x30 Core\Src\usart.o
 .debug_aranges
                0x000001e0       0xa0 Core\Src\w25q128jv.o
 .debug_aranges
                0x00000280       0x38 Core\Src\wrap.o
 .debug_aranges
                0x000002b8       0xf0 Drivers\STM32F4xx_HAL_Driver\Src\stm32f4xx_hal.o
 .debug_aranges
                0x000003a8      0x118 Drivers\STM32F4xx_HAL_Driver\Src\stm32f4xx_hal_cortex.o
 .debug_aranges
                0x000004c0       0x90 Drivers\STM32F4xx_HAL_Driver\Src\stm32f4xx_hal_dma.o
 .debug_aranges
                0x00000550       0x58 Drivers\STM32F4xx_HAL_Driver\Src\stm32f4xx_hal_gpio.o
 .debug_aranges
                0x000005a8       0x60 Drivers\STM32F4xx_HAL_Driver\Src\stm32f4xx_hal_pwr_ex.o
 .debug_aranges
                0x00000608      0x168 Drivers\STM32F4xx_HAL_Driver\Src\stm32f4xx_hal_qspi.o
 .debug_aranges
                0x00000770       0x88 Drivers\STM32F4xx_HAL_Driver\Src\stm32f4xx_hal_rcc.o
 .debug_aranges
                0x000007f8       0x78 Drivers\STM32F4xx_HAL_Driver\Src\stm32f4xx_hal_rcc_ex.o
 .debug_aranges
                0x00000870      0x1d0 Drivers\STM32F4xx_HAL_Driver\Src\stm32f4xx_hal_uart.o
 .debug_aranges
                0x00000a40       0x28 startup\startup_stm32f446xx.o

.debug_ranges   0x00000000      0x920
 .debug_ranges  0x00000000       0x38 Core\Src\callback.o
 .debug_ranges  0x00000038       0x10 Core\Src\dma.o
 .debug_ranges  0x00000048       0x10 Core\Src\gpio.o
 .debug_ranges  0x00000058       0x20 Core\Src\main.o
 .debug_ranges  0x00000078       0x20 Core\Src\quadspi.o
 .debug_ranges  0x00000098       0x10 Core\Src\stm32f4xx_hal_msp.o
 .debug_ranges  0x000000a8       0x70 Core\Src\stm32f4xx_it.o
 .debug_ranges  0x00000118       0x18 Core\Src\system_stm32f4xx.o
 .debug_ranges  0x00000130       0x20 Core\Src\usart.o
 .debug_ranges  0x00000150       0x90 Core\Src\w25q128jv.o
 .debug_ranges  0x000001e0       0x28 Core\Src\wrap.o
 .debug_ranges  0x00000208       0xe0 Drivers\STM32F4xx_HAL_Driver\Src\stm32f4xx_hal.o
 .debug_ranges  0x000002e8      0x108 Drivers\STM32F4xx_HAL_Driver\Src\stm32f4xx_hal_cortex.o
 .debug_ranges  0x000003f0       0x80 Drivers\STM32F4xx_HAL_Driver\Src\stm32f4xx_hal_dma.o
 .debug_ranges  0x00000470       0x48 Drivers\STM32F4xx_HAL_Driver\Src\stm32f4xx_hal_gpio.o
 .debug_ranges  0x000004b8       0x50 Drivers\STM32F4xx_HAL_Driver\Src\stm32f4xx_hal_pwr_ex.o
 .debug_ranges  0x00000508      0x158 Drivers\STM32F4xx_HAL_Driver\Src\stm32f4xx_hal_qspi.o
 .debug_ranges  0x00000660       0x78 Drivers\STM32F4xx_HAL_Driver\Src\stm32f4xx_hal_rcc.o
 .debug_ranges  0x000006d8       0x68 Drivers\STM32F4xx_HAL_Driver\Src\stm32f4xx_hal_rcc_ex.o
 .debug_ranges  0x00000740      0x1c0 Drivers\STM32F4xx_HAL_Driver\Src\stm32f4xx_hal_uart.o
 .debug_ranges  0x00000900       0x20 startup\startup_stm32f446xx.o

.debug_line     0x00000000     0x53ad
 .debug_line    0x00000000      0x2b9 Core\Src\callback.o
 .debug_line    0x000002b9      0x1de Core\Src\dma.o
 .debug_line    0x00000497      0x1fe Core\Src\gpio.o
 .debug_line    0x00000695      0x3fe Core\Src\main.o
 .debug_line    0x00000a93      0x2b2 Core\Src\quadspi.o
 .debug_line    0x00000d45      0x1ea Core\Src\stm32f4xx_hal_msp.o
 .debug_line    0x00000f2f      0x322 Core\Src\stm32f4xx_it.o
 .debug_line    0x00001251      0x20f Core\Src\system_stm32f4xx.o
 .debug_line    0x00001460      0x299 Core\Src\usart.o
 .debug_line    0x000016f9      0x3f3 Core\Src\w25q128jv.o
 .debug_line    0x00001aec      0x396 Core\Src\wrap.o
 .debug_line    0x00001e82      0x41f Drivers\STM32F4xx_HAL_Driver\Src\stm32f4xx_hal.o
 .debug_line    0x000022a1      0x553 Drivers\STM32F4xx_HAL_Driver\Src\stm32f4xx_hal_cortex.o
 .debug_line    0x000027f4      0x504 Drivers\STM32F4xx_HAL_Driver\Src\stm32f4xx_hal_dma.o
 .debug_line    0x00002cf8      0x402 Drivers\STM32F4xx_HAL_Driver\Src\stm32f4xx_hal_gpio.o
 .debug_line    0x000030fa      0x311 Drivers\STM32F4xx_HAL_Driver\Src\stm32f4xx_hal_pwr_ex.o
 .debug_line    0x0000340b      0x8c3 Drivers\STM32F4xx_HAL_Driver\Src\stm32f4xx_hal_qspi.o
 .debug_line    0x00003cce      0x4c0 Drivers\STM32F4xx_HAL_Driver\Src\stm32f4xx_hal_rcc.o
 .debug_line    0x0000418e      0x645 Drivers\STM32F4xx_HAL_Driver\Src\stm32f4xx_hal_rcc_ex.o
 .debug_line    0x000047d3      0xb5c Drivers\STM32F4xx_HAL_Driver\Src\stm32f4xx_hal_uart.o
 .debug_line    0x0000532f       0x7e startup\startup_stm32f446xx.o

.debug_str      0x00000000     0x4111
 .debug_str     0x00000000      0x8ed Core\Src\callback.o
                                0x9af (size before relaxing)
 .debug_str     0x000008ed      0x656 Core\Src\dma.o
                                0x8e9 (size before relaxing)
 .debug_str     0x00000f43       0x72 Core\Src\gpio.o
                                0x459 (size before relaxing)
 .debug_str     0x00000fb5     0x103e Core\Src\main.o
                               0x1afd (size before relaxing)
 .debug_str     0x00001ff3       0x62 Core\Src\quadspi.o
                                0xe1a (size before relaxing)
 .debug_str     0x00002055       0x2c Core\Src\stm32f4xx_hal_msp.o
                                0x3c8 (size before relaxing)
 .debug_str     0x00002081      0x10f Core\Src\stm32f4xx_it.o
                                0x962 (size before relaxing)
 .debug_str     0x00002190       0xaf Core\Src\system_stm32f4xx.o
                                0x444 (size before relaxing)
 .debug_str     0x0000223f       0x57 Core\Src\usart.o
                                0xdd6 (size before relaxing)
 .debug_str     0x00002296      0x39a Core\Src\w25q128jv.o
                               0x102e (size before relaxing)
 .debug_str     0x00002630       0x78 Core\Src\wrap.o
                                0xf85 (size before relaxing)
 .debug_str     0x000026a8      0x2b6 Drivers\STM32F4xx_HAL_Driver\Src\stm32f4xx_hal.o
                                0xbd2 (size before relaxing)
 .debug_str     0x0000295e      0x499 Drivers\STM32F4xx_HAL_Driver\Src\stm32f4xx_hal_cortex.o
                                0xd31 (size before relaxing)
 .debug_str     0x00002df7      0x306 Drivers\STM32F4xx_HAL_Driver\Src\stm32f4xx_hal_dma.o
                                0x830 (size before relaxing)
 .debug_str     0x000030fd      0x158 Drivers\STM32F4xx_HAL_Driver\Src\stm32f4xx_hal_gpio.o
                                0x5db (size before relaxing)
 .debug_str     0x00003255      0x158 Drivers\STM32F4xx_HAL_Driver\Src\stm32f4xx_hal_pwr_ex.o
                                0x5ba (size before relaxing)
 .debug_str     0x000033ad      0x397 Drivers\STM32F4xx_HAL_Driver\Src\stm32f4xx_hal_qspi.o
                                0xc66 (size before relaxing)
 .debug_str     0x00003744      0x1a3 Drivers\STM32F4xx_HAL_Driver\Src\stm32f4xx_hal_rcc.o
                                0x797 (size before relaxing)
 .debug_str     0x000038e7      0x33f Drivers\STM32F4xx_HAL_Driver\Src\stm32f4xx_hal_rcc_ex.o
                                0x89d (size before relaxing)
 .debug_str     0x00003c26      0x4eb Drivers\STM32F4xx_HAL_Driver\Src\stm32f4xx_hal_uart.o
                                0xc80 (size before relaxing)

.comment        0x00000000       0x7c
 .comment       0x00000000       0x7c Core\Src\callback.o
                                 0x7d (size before relaxing)
 .comment       0x0000007c       0x7d Core\Src\dma.o
 .comment       0x0000007c       0x7d Core\Src\gpio.o
 .comment       0x0000007c       0x7d Core\Src\main.o
 .comment       0x0000007c       0x7d Core\Src\quadspi.o
 .comment       0x0000007c       0x7d Core\Src\stm32f4xx_hal_msp.o
 .comment       0x0000007c       0x7d Core\Src\stm32f4xx_it.o
 .comment       0x0000007c       0x7d Core\Src\system_stm32f4xx.o
 .comment       0x0000007c       0x7d Core\Src\usart.o
 .comment       0x0000007c       0x7d Core\Src\w25q128jv.o
 .comment       0x0000007c       0x7d Core\Src\wrap.o
 .comment       0x0000007c       0x7d Drivers\STM32F4xx_HAL_Driver\Src\stm32f4xx_hal.o
 .comment       0x0000007c       0x7d Drivers\STM32F4xx_HAL_Driver\Src\stm32f4xx_hal_cortex.o
 .comment       0x0000007c       0x7d Drivers\STM32F4xx_HAL_Driver\Src\stm32f4xx_hal_dma.o
 .comment       0x0000007c       0x7d Drivers\STM32F4xx_HAL_Driver\Src\stm32f4xx_hal_gpio.o
 .comment       0x0000007c       0x7d Drivers\STM32F4xx_HAL_Driver\Src\stm32f4xx_hal_pwr_ex.o
 .comment       0x0000007c       0x7d Drivers\STM32F4xx_HAL_Driver\Src\stm32f4xx_hal_qspi.o
 .comment       0x0000007c       0x7d Drivers\STM32F4xx_HAL_Driver\Src\stm32f4xx_hal_rcc.o
 .comment       0x0000007c       0x7d Drivers\STM32F4xx_HAL_Driver\Src\stm32f4xx_hal_rcc_ex.o
 .comment       0x0000007c       0x7d Drivers\STM32F4xx_HAL_Driver\Src\stm32f4xx_hal_uart.o

.debug_frame    0x00000000     0x2860
 .debug_frame   0x00000000       0xf8 Core\Src\callback.o
 .debug_frame   0x000000f8       0x34 Core\Src\dma.o
 .debug_frame   0x0000012c       0x34 Core\Src\gpio.o
 .debug_frame   0x00000160       0x78 Core\Src\main.o
 .debug_frame   0x000001d8       0x74 Core\Src\quadspi.o
 .debug_frame   0x0000024c       0x38 Core\Src\stm32f4xx_hal_msp.o
 .debug_frame   0x00000284      0x17c Core\Src\stm32f4xx_it.o
 .debug_frame   0x00000400       0x58 Core\Src\system_stm32f4xx.o
 .debug_frame   0x00000458       0x74 Core\Src\usart.o
 .debug_frame   0x000004cc      0x280 Core\Src\w25q128jv.o
 .debug_frame   0x0000074c       0xa8 Core\Src\wrap.o
 .debug_frame   0x000007f4      0x374 Drivers\STM32F4xx_HAL_Driver\Src\stm32f4xx_hal.o
 .debug_frame   0x00000b68      0x498 Drivers\STM32F4xx_HAL_Driver\Src\stm32f4xx_hal_cortex.o
 .debug_frame   0x00001000      0x250 Drivers\STM32F4xx_HAL_Driver\Src\stm32f4xx_hal_dma.o
 .debug_frame   0x00001250      0x14c Drivers\STM32F4xx_HAL_Driver\Src\stm32f4xx_hal_gpio.o
 .debug_frame   0x0000139c      0x14c Drivers\STM32F4xx_HAL_Driver\Src\stm32f4xx_hal_pwr_ex.o
 .debug_frame   0x000014e8      0x680 Drivers\STM32F4xx_HAL_Driver\Src\stm32f4xx_hal_qspi.o
 .debug_frame   0x00001b68      0x1f8 Drivers\STM32F4xx_HAL_Driver\Src\stm32f4xx_hal_rcc.o
 .debug_frame   0x00001d60      0x1e8 Drivers\STM32F4xx_HAL_Driver\Src\stm32f4xx_hal_rcc_ex.o
 .debug_frame   0x00001f48      0x844 Drivers\STM32F4xx_HAL_Driver\Src\stm32f4xx_hal_uart.o
 .debug_frame   0x0000278c       0x2c c:/program files (x86)/atollic/truestudio for stm32 9.3.0/armtools/bin/../lib/gcc/arm-atollic-eabi/6.3.1/../../../../arm-atollic-eabi/lib/armv7e-m/fpu\libc_nano.a(lib_a-init.o)
 .debug_frame   0x000027b8       0x28 c:/program files (x86)/atollic/truestudio for stm32 9.3.0/armtools/bin/../lib/gcc/arm-atollic-eabi/6.3.1/../../../../arm-atollic-eabi/lib/armv7e-m/fpu\libc_nano.a(lib_a-memcpy-stub.o)
 .debug_frame   0x000027e0       0x20 c:/program files (x86)/atollic/truestudio for stm32 9.3.0/armtools/bin/../lib/gcc/arm-atollic-eabi/6.3.1/../../../../arm-atollic-eabi/lib/armv7e-m/fpu\libc_nano.a(lib_a-memset.o)
 .debug_frame   0x00002800       0x2c c:/program files (x86)/atollic/truestudio for stm32 9.3.0/armtools/bin/../lib/gcc/arm-atollic-eabi/6.3.1/armv7e-m/fpu\libgcc.a(_aeabi_uldivmod.o)
 .debug_frame   0x0000282c       0x34 c:/program files (x86)/atollic/truestudio for stm32 9.3.0/armtools/bin/../lib/gcc/arm-atollic-eabi/6.3.1/armv7e-m/fpu\libgcc.a(_udivmoddi4.o)
